2024-01-15 00:02:31 INFO Backup started
2024-01-15 00:03:55 INFO Request processed
2024-01-15 00:06:54 WARNING Retry attempt failed
2024-01-15 00:07:50 INFO Cache cleared
2024-01-15 00:08:26 WARNING CPU temperature high
2024-01-15 00:08:44 WARNING Slow response time
2024-01-15 00:10:00 WARNING Memory usage high
2024-01-15 00:10:29 INFO Request processed
2024-01-15 00:13:11 INFO Connection established
2024-01-15 00:15:20 ERROR NullPointerException
2024-01-15 00:16:23 INFO Connection established
2024-01-15 00:17:24 INFO User logged in
2024-01-15 00:22:07 INFO Backup started
2024-01-15 00:24:17 INFO Service restarted
2024-01-15 00:25:35 INFO User logged in
2024-01-15 00:29:53 INFO Cache cleared
2024-01-15 00:36:34 INFO Cache cleared
2024-01-15 00:39:03 WARNING CPU temperature high
2024-01-15 00:39:39 ERROR Service crashed
2024-01-15 00:41:58 ERROR Service crashed
2024-01-15 00:42:12 INFO Service restarted
2024-01-15 00:42:27 ERROR Failed to write to disk
2024-01-15 00:43:53 INFO Connection established
2024-01-15 00:43:59 INFO User logged in
2024-01-15 00:44:42 INFO Cache cleared
2024-01-15 00:46:22 INFO Backup started
2024-01-15 00:46:44 ERROR Database connection lost
2024-01-15 00:46:50 INFO Backup started
2024-01-15 00:46:57 INFO Service restarted
2024-01-15 00:48:12 INFO Cache cleared
2024-01-15 00:50:48 ERROR Database connection lost
2024-01-15 00:52:04 INFO Connection established
2024-01-15 00:54:28 INFO User logged in
2024-01-15 00:55:16 WARNING Memory usage high
2024-01-15 00:58:25 INFO Connection established
2024-01-15 01:01:08 INFO Cache cleared
2024-01-15 01:05:39 WARNING Memory usage high
2024-01-15 01:06:04 WARNING Slow response time
2024-01-15 01:07:38 INFO Backup started
2024-01-15 01:09:07 INFO User logged in
2024-01-15 01:11:08 INFO Connection established
2024-01-15 01:15:53 INFO Request processed
2024-01-15 01:16:33 INFO Service restarted
2024-01-15 01:17:10 INFO Cache cleared
2024-01-15 01:19:44 WARNING Memory usage high
2024-01-15 01:24:59 INFO Request processed
2024-01-15 01:25:44 INFO Connection established
2024-01-15 01:26:58 INFO Backup started
2024-01-15 01:27:17 INFO Service restarted
2024-01-15 01:29:52 INFO Cache cleared
2024-01-15 01:31:54 WARNING CPU temperature high
2024-01-15 01:32:49 INFO User logged in
2024-01-15 01:33:31 WARNING Slow response time
2024-01-15 01:35:30 ERROR NullPointerException
2024-01-15 01:35:43 INFO Backup started
2024-01-15 01:36:50 WARNING CPU temperature high
2024-01-15 01:37:46 INFO Connection established
2024-01-15 01:38:14 INFO Request processed
2024-01-15 01:39:45 ERROR Permission denied
2024-01-15 01:42:25 WARNING Retry attempt failed
2024-01-15 01:42:37 WARNING CPU temperature high
2024-01-15 01:43:36 INFO Connection established
2024-01-15 01:44:45 WARNING Memory usage high
2024-01-15 01:47:11 ERROR Database connection lost
2024-01-15 01:47:54 WARNING Retry attempt failed
2024-01-15 01:48:22 INFO Service restarted
2024-01-15 01:48:50 INFO Backup started
2024-01-15 01:49:02 INFO User logged in
2024-01-15 01:51:02 ERROR Service crashed
2024-01-15 01:52:09 INFO Connection established
2024-01-15 01:53:26 ERROR Permission denied
2024-01-15 01:54:33 INFO Request processed
2024-01-15 01:57:40 INFO Service restarted
2024-01-15 02:02:48 INFO Request processed
2024-01-15 02:03:26 WARNING Slow response time
2024-01-15 02:04:07 ERROR Service crashed
2024-01-15 02:06:22 INFO Connection established
2024-01-15 02:07:11 INFO Backup started
2024-01-15 02:10:22 ERROR Service crashed
2024-01-15 02:13:43 INFO Cache cleared
2024-01-15 02:14:51 INFO Request processed
2024-01-15 02:14:58 WARNING Disk usage high
2024-01-15 02:15:40 INFO Backup started
2024-01-15 02:19:01 ERROR Database connection lost
2024-01-15 02:22:24 WARNING Retry attempt failed
2024-01-15 02:23:05 INFO Request processed
2024-01-15 02:23:09 WARNING Slow response time
2024-01-15 02:23:34 WARNING Retry attempt failed
2024-01-15 02:23:39 WARNING CPU temperature high
2024-01-15 02:24:51 WARNING Retry attempt failed
2024-01-15 02:28:22 INFO Backup started
2024-01-15 02:28:49 INFO User logged in
2024-01-15 02:29:15 WARNING Disk usage high
2024-01-15 02:30:55 WARNING Slow response time
2024-01-15 02:35:31 INFO Request processed
2024-01-15 02:38:01 INFO Request processed
2024-01-15 02:38:25 WARNING Disk usage high
2024-01-15 02:39:17 INFO Backup started
2024-01-15 02:39:32 WARNING Retry attempt failed
2024-01-15 02:42:45 INFO Request processed
2024-01-15 02:45:15 ERROR NullPointerException
2024-01-15 02:45:38 INFO Service restarted
2024-01-15 02:47:19 WARNING Memory usage high
2024-01-15 02:51:14 ERROR Service crashed
2024-01-15 02:51:28 INFO Backup started
2024-01-15 02:51:46 INFO Service restarted
2024-01-15 02:53:00 INFO User logged in
2024-01-15 02:53:10 INFO Cache cleared
2024-01-15 02:54:46 INFO Backup started
2024-01-15 02:54:48 INFO Service restarted
2024-01-15 02:55:36 INFO Request processed
2024-01-15 02:57:18 ERROR Failed to write to disk
2024-01-15 02:57:21 WARNING Memory usage high
2024-01-15 02:58:59 INFO Backup started
2024-01-15 02:59:35 ERROR Database connection lost
2024-01-15 03:00:17 INFO Request processed
2024-01-15 03:01:50 INFO Service restarted
2024-01-15 03:02:09 WARNING Slow response time
2024-01-15 03:03:20 ERROR Permission denied
2024-01-15 03:07:52 INFO Connection established
2024-01-15 03:09:50 INFO Connection established
2024-01-15 03:10:39 WARNING Memory usage high
2024-01-15 03:10:43 INFO User logged in
2024-01-15 03:11:27 INFO Cache cleared
2024-01-15 03:11:47 WARNING Slow response time
2024-01-15 03:12:00 WARNING CPU temperature high
2024-01-15 03:12:38 INFO Cache cleared
2024-01-15 03:14:05 INFO Backup started
2024-01-15 03:14:51 INFO User logged in
2024-01-15 03:16:13 INFO Service restarted
2024-01-15 03:17:28 INFO Cache cleared
2024-01-15 03:20:13 ERROR Service crashed
2024-01-15 03:20:56 INFO Backup started
2024-01-15 03:21:55 WARNING Disk usage high
2024-01-15 03:22:18 INFO Request processed
2024-01-15 03:23:02 ERROR Timeout on API
2024-01-15 03:23:38 ERROR Timeout on API
2024-01-15 03:24:20 INFO Cache cleared
2024-01-15 03:25:10 INFO Service restarted
2024-01-15 03:28:12 INFO Connection established
2024-01-15 03:30:32 INFO User logged in
2024-01-15 03:31:11 INFO User logged in
2024-01-15 03:31:28 INFO Service restarted
2024-01-15 03:31:58 INFO Cache cleared
2024-01-15 03:34:05 WARNING Retry attempt failed
2024-01-15 03:35:17 INFO Backup started
2024-01-15 03:37:13 ERROR NullPointerException
2024-01-15 03:38:03 INFO Cache cleared
2024-01-15 03:38:58 WARNING Retry attempt failed
2024-01-15 03:41:21 INFO Request processed
2024-01-15 03:42:32 WARNING Slow response time
2024-01-15 03:43:23 WARNING Slow response time
2024-01-15 03:43:28 INFO Backup started
2024-01-15 03:47:45 INFO Service restarted
2024-01-15 03:49:56 ERROR Database connection lost
2024-01-15 03:50:51 WARNING CPU temperature high
2024-01-15 03:52:53 INFO Connection established
2024-01-15 03:52:55 INFO User logged in
2024-01-15 04:00:53 WARNING Slow response time
2024-01-15 04:00:55 INFO Request processed
2024-01-15 04:01:24 ERROR Failed to write to disk
2024-01-15 04:03:00 ERROR Permission denied
2024-01-15 04:03:40 WARNING Memory usage high
2024-01-15 04:04:30 INFO Connection established
2024-01-15 04:06:22 INFO User logged in
2024-01-15 04:08:31 WARNING CPU temperature high
2024-01-15 04:10:10 INFO Cache cleared
2024-01-15 04:10:13 INFO Request processed
2024-01-15 04:13:57 ERROR NullPointerException
2024-01-15 04:14:39 INFO Request processed
2024-01-15 04:15:37 ERROR Failed to write to disk
2024-01-15 04:17:30 INFO Service restarted
2024-01-15 04:17:47 WARNING Retry attempt failed
2024-01-15 04:18:03 INFO Backup started
2024-01-15 04:19:28 ERROR Failed to write to disk
2024-01-15 04:24:39 INFO Service restarted
2024-01-15 04:25:32 ERROR Service crashed
2024-01-15 04:35:54 INFO User logged in
2024-01-15 04:39:36 WARNING Disk usage high
2024-01-15 04:40:26 INFO Cache cleared
2024-01-15 04:45:02 WARNING Memory usage high
2024-01-15 04:46:16 ERROR Permission denied
2024-01-15 04:46:23 INFO Cache cleared
2024-01-15 04:47:50 INFO Connection established
2024-01-15 04:48:28 INFO Request processed
2024-01-15 04:48:38 INFO Connection established
2024-01-15 04:49:18 WARNING Slow response time
2024-01-15 04:49:44 WARNING Memory usage high
2024-01-15 04:51:28 INFO Backup started
2024-01-15 04:52:11 INFO User logged in
2024-01-15 04:53:12 INFO Backup started
2024-01-15 04:54:02 INFO Request processed
2024-01-15 04:56:48 ERROR Timeout on API
2024-01-15 04:58:43 INFO Service restarted
2024-01-15 04:59:01 WARNING Disk usage high
2024-01-15 04:59:15 WARNING Disk usage high
2024-01-15 04:59:51 ERROR Timeout on API
2024-01-15 05:03:52 INFO Connection established
2024-01-15 05:04:00 ERROR NullPointerException
2024-01-15 05:05:41 ERROR Failed to write to disk
2024-01-15 05:06:18 ERROR Failed to write to disk
2024-01-15 05:06:34 INFO Cache cleared
2024-01-15 05:07:21 INFO Cache cleared
2024-01-15 05:07:21 WARNING Disk usage high
2024-01-15 05:07:39 INFO Connection established
2024-01-15 05:07:40 INFO Service restarted
2024-01-15 05:08:13 INFO Service restarted
2024-01-15 05:08:47 INFO Service restarted
2024-01-15 05:12:18 ERROR Database connection lost
2024-01-15 05:12:19 INFO Cache cleared
2024-01-15 05:12:21 WARNING Memory usage high
2024-01-15 05:12:48 INFO Request processed
2024-01-15 05:14:39 INFO Cache cleared
2024-01-15 05:15:23 ERROR Service crashed
2024-01-15 05:18:35 INFO Service restarted
2024-01-15 05:28:28 INFO Connection established
2024-01-15 05:29:40 INFO Connection established
2024-01-15 05:29:49 INFO Cache cleared
2024-01-15 05:29:58 ERROR NullPointerException
2024-01-15 05:32:53 INFO Connection established
2024-01-15 05:33:40 ERROR Database connection lost
2024-01-15 05:34:10 WARNING Memory usage high
2024-01-15 05:35:26 INFO Connection established
2024-01-15 05:35:36 INFO Connection established
2024-01-15 05:35:50 INFO User logged in
2024-01-15 05:36:31 WARNING CPU temperature high
2024-01-15 05:36:43 WARNING Retry attempt failed
2024-01-15 05:37:17 ERROR Service crashed
2024-01-15 05:39:01 WARNING Retry attempt failed
2024-01-15 05:39:05 INFO Cache cleared
2024-01-15 05:39:24 INFO Connection established
2024-01-15 05:40:20 INFO User logged in
2024-01-15 05:40:33 INFO Backup started
2024-01-15 05:42:11 ERROR Timeout on API
2024-01-15 05:43:25 INFO Request processed
2024-01-15 05:44:35 INFO User logged in
2024-01-15 05:45:19 INFO Cache cleared
2024-01-15 05:45:45 INFO Connection established
2024-01-15 05:45:48 INFO User logged in
2024-01-15 05:50:30 WARNING Memory usage high
2024-01-15 05:50:54 ERROR Permission denied
2024-01-15 05:51:00 INFO Cache cleared
2024-01-15 05:52:43 WARNING Memory usage high
2024-01-15 05:55:07 WARNING Slow response time
2024-01-15 05:55:32 INFO Cache cleared
2024-01-15 05:58:10 WARNING Memory usage high
2024-01-15 06:00:30 ERROR Permission denied
2024-01-15 06:01:22 INFO Backup started
2024-01-15 06:01:54 INFO Request processed
2024-01-15 06:02:39 ERROR Service crashed
2024-01-15 06:02:52 INFO Request processed
2024-01-15 06:03:53 INFO Request processed
2024-01-15 06:03:53 WARNING Disk usage high
2024-01-15 06:07:00 ERROR Database connection lost
2024-01-15 06:08:37 ERROR Service crashed
2024-01-15 06:10:36 WARNING Retry attempt failed
2024-01-15 06:11:34 WARNING CPU temperature high
2024-01-15 06:12:20 INFO Connection established
2024-01-15 06:12:34 WARNING Slow response time
2024-01-15 06:12:42 INFO Service restarted
2024-01-15 06:12:47 ERROR Service crashed
2024-01-15 06:15:12 WARNING CPU temperature high
2024-01-15 06:15:42 INFO Service restarted
2024-01-15 06:16:19 INFO Cache cleared
2024-01-15 06:20:23 INFO Connection established
2024-01-15 06:20:44 INFO User logged in
2024-01-15 06:22:44 ERROR Permission denied
2024-01-15 06:23:54 INFO Backup started
2024-01-15 06:24:56 WARNING CPU temperature high
2024-01-15 06:27:12 INFO Cache cleared
2024-01-15 06:30:37 INFO Connection established
2024-01-15 06:32:51 INFO Service restarted
2024-01-15 06:35:02 ERROR NullPointerException
2024-01-15 06:36:52 INFO Cache cleared
2024-01-15 06:39:20 ERROR Failed to write to disk
2024-01-15 06:41:54 ERROR Permission denied
2024-01-15 06:45:41 INFO User logged in
2024-01-15 06:47:47 INFO User logged in
2024-01-15 06:48:00 INFO Backup started
2024-01-15 06:51:19 ERROR NullPointerException
2024-01-15 06:53:50 INFO Connection established
2024-01-15 06:55:53 WARNING Retry attempt failed
2024-01-15 06:57:31 ERROR Database connection lost
2024-01-15 06:59:09 WARNING CPU temperature high
2024-01-15 07:00:00 INFO Request processed
2024-01-15 07:01:14 INFO Request processed
2024-01-15 07:05:20 INFO Connection established
2024-01-15 07:05:31 INFO Request processed
2024-01-15 07:06:06 INFO Service restarted
2024-01-15 07:06:52 WARNING Slow response time
2024-01-15 07:07:16 INFO Connection established
2024-01-15 07:07:17 ERROR NullPointerException
2024-01-15 07:07:47 INFO Cache cleared
2024-01-15 07:08:01 WARNING Retry attempt failed
2024-01-15 07:10:38 WARNING Disk usage high
2024-01-15 07:11:51 ERROR Timeout on API
2024-01-15 07:13:11 INFO Request processed
2024-01-15 07:13:41 INFO Connection established
2024-01-15 07:14:31 INFO Service restarted
2024-01-15 07:15:00 ERROR Permission denied
2024-01-15 07:15:31 WARNING Disk usage high
2024-01-15 07:15:36 ERROR Timeout on API
2024-01-15 07:17:51 WARNING CPU temperature high
2024-01-15 07:17:54 ERROR NullPointerException
2024-01-15 07:18:32 INFO Cache cleared
2024-01-15 07:18:46 ERROR Timeout on API
2024-01-15 07:18:51 WARNING Disk usage high
2024-01-15 07:19:13 ERROR Timeout on API
2024-01-15 07:20:59 WARNING Disk usage high
2024-01-15 07:21:37 INFO Backup started
2024-01-15 07:22:15 WARNING Slow response time
2024-01-15 07:22:35 INFO User logged in
2024-01-15 07:22:58 ERROR Permission denied
2024-01-15 07:25:31 ERROR NullPointerException
2024-01-15 07:27:39 INFO Connection established
2024-01-15 07:32:35 WARNING Slow response time
2024-01-15 07:34:09 INFO Backup started
2024-01-15 07:35:24 INFO Request processed
2024-01-15 07:37:09 INFO Cache cleared
2024-01-15 07:37:21 INFO Request processed
2024-01-15 07:40:10 INFO Service restarted
2024-01-15 07:40:36 INFO Connection established
2024-01-15 07:42:34 WARNING CPU temperature high
2024-01-15 07:42:40 ERROR Permission denied
2024-01-15 07:46:10 INFO Backup started
2024-01-15 07:46:51 WARNING Slow response time
2024-01-15 07:48:11 ERROR Permission denied
2024-01-15 07:48:53 INFO User logged in
2024-01-15 07:49:19 INFO Request processed
2024-01-15 07:49:37 INFO Service restarted
2024-01-15 07:50:28 INFO Backup started
2024-01-15 07:52:40 WARNING Slow response time
2024-01-15 07:55:42 ERROR NullPointerException
2024-01-15 07:57:11 INFO Backup started
2024-01-15 07:57:14 INFO Service restarted
2024-01-15 07:57:34 INFO Connection established
2024-01-15 07:57:36 INFO Service restarted
2024-01-15 07:58:03 WARNING CPU temperature high
2024-01-15 07:59:08 WARNING Memory usage high
2024-01-15 08:00:46 INFO Cache cleared
2024-01-15 08:01:03 ERROR Service crashed
2024-01-15 08:01:47 INFO Connection established
2024-01-15 08:02:15 WARNING Disk usage high
2024-01-15 08:04:55 INFO Service restarted
2024-01-15 08:05:47 INFO Connection established
2024-01-15 08:05:52 WARNING Slow response time
2024-01-15 08:06:47 WARNING Memory usage high
2024-01-15 08:07:08 INFO Request processed
2024-01-15 08:07:30 INFO User logged in
2024-01-15 08:13:41 INFO Cache cleared
2024-01-15 08:14:22 WARNING Memory usage high
2024-01-15 08:16:18 INFO User logged in
2024-01-15 08:17:57 INFO User logged in
2024-01-15 08:19:13 INFO User logged in
2024-01-15 08:19:47 WARNING Memory usage high
2024-01-15 08:21:02 INFO Cache cleared
2024-01-15 08:23:02 INFO Backup started
2024-01-15 08:24:52 INFO Service restarted
2024-01-15 08:26:15 INFO Request processed
2024-01-15 08:28:00 INFO Connection established
2024-01-15 08:29:52 INFO User logged in
2024-01-15 08:31:36 ERROR Service crashed
2024-01-15 08:32:38 INFO Connection established
2024-01-15 08:33:32 ERROR NullPointerException
2024-01-15 08:33:50 ERROR Timeout on API
2024-01-15 08:34:24 INFO Cache cleared
2024-01-15 08:37:11 INFO Request processed
2024-01-15 08:38:50 INFO Cache cleared
2024-01-15 08:38:59 ERROR Failed to write to disk
2024-01-15 08:40:00 ERROR Failed to write to disk
2024-01-15 08:43:52 INFO Backup started
2024-01-15 08:45:32 INFO Backup started
2024-01-15 08:46:55 WARNING Memory usage high
2024-01-15 08:47:00 INFO Backup started
2024-01-15 08:51:27 INFO Backup started
2024-01-15 08:51:40 INFO Connection established
2024-01-15 08:52:01 WARNING Memory usage high
2024-01-15 08:55:04 INFO Backup started
2024-01-15 08:57:20 INFO Service restarted
2024-01-15 08:59:37 ERROR Timeout on API
2024-01-15 09:00:16 INFO Service restarted
2024-01-15 09:00:21 ERROR Failed to write to disk
2024-01-15 09:02:29 ERROR Permission denied
2024-01-15 09:03:04 WARNING CPU temperature high
2024-01-15 09:04:48 INFO User logged in
2024-01-15 09:04:54 INFO Service restarted
2024-01-15 09:09:07 INFO User logged in
2024-01-15 09:09:45 INFO User logged in
2024-01-15 09:10:15 WARNING Memory usage high
2024-01-15 09:10:19 INFO Backup started
2024-01-15 09:11:14 WARNING CPU temperature high
2024-01-15 09:12:22 ERROR Service crashed
2024-01-15 09:13:43 INFO Request processed
2024-01-15 09:13:44 ERROR Service crashed
2024-01-15 09:14:30 WARNING CPU temperature high
2024-01-15 09:16:30 INFO Backup started
2024-01-15 09:19:03 INFO Request processed
2024-01-15 09:20:24 ERROR Database connection lost
2024-01-15 09:21:41 INFO Cache cleared
2024-01-15 09:23:39 INFO User logged in
2024-01-15 09:23:41 WARNING Retry attempt failed
2024-01-15 09:26:38 INFO Cache cleared
2024-01-15 09:26:40 INFO Cache cleared
2024-01-15 09:27:11 INFO Service restarted
2024-01-15 09:28:08 INFO Backup started
2024-01-15 09:28:26 INFO Connection established
2024-01-15 09:30:40 ERROR NullPointerException
2024-01-15 09:36:52 WARNING Disk usage high
2024-01-15 09:37:36 WARNING Slow response time
2024-01-15 09:39:44 INFO Backup started
2024-01-15 09:40:20 ERROR Service crashed
2024-01-15 09:41:22 WARNING Disk usage high
2024-01-15 09:41:28 INFO Request processed
2024-01-15 09:42:09 INFO Connection established
2024-01-15 09:47:41 INFO User logged in
2024-01-15 09:50:36 INFO User logged in
2024-01-15 09:51:39 ERROR Permission denied
2024-01-15 09:51:53 INFO Service restarted
2024-01-15 09:52:45 ERROR Database connection lost
2024-01-15 09:53:54 INFO Backup started
2024-01-15 09:56:58 ERROR Database connection lost
2024-01-15 09:58:39 INFO Cache cleared
2024-01-15 09:59:19 INFO Service restarted
2024-01-15 09:59:51 WARNING Slow response time
2024-01-15 10:01:17 INFO Request processed
2024-01-15 10:01:18 WARNING Disk usage high
2024-01-15 10:02:09 WARNING CPU temperature high
2024-01-15 10:02:55 INFO Cache cleared
2024-01-15 10:03:03 WARNING Slow response time
2024-01-15 10:03:46 ERROR Permission denied
2024-01-15 10:03:49 WARNING Retry attempt failed
2024-01-15 10:04:25 WARNING Slow response time
2024-01-15 10:04:49 INFO User logged in
2024-01-15 10:06:58 INFO User logged in
2024-01-15 10:08:02 INFO User logged in
2024-01-15 10:10:40 INFO Cache cleared
2024-01-15 10:11:57 ERROR Service crashed
2024-01-15 10:14:25 INFO Connection established
2024-01-15 10:15:25 ERROR Failed to write to disk
2024-01-15 10:16:27 INFO Connection established
2024-01-15 10:18:17 INFO Cache cleared
2024-01-15 10:18:34 INFO User logged in
2024-01-15 10:18:39 INFO Cache cleared
2024-01-15 10:21:44 ERROR Timeout on API
2024-01-15 10:24:54 INFO Request processed
2024-01-15 10:28:28 INFO Request processed
2024-01-15 10:30:01 INFO User logged in
2024-01-15 10:31:07 INFO Backup started
2024-01-15 10:31:07 WARNING CPU temperature high
2024-01-15 10:33:58 INFO Service restarted
2024-01-15 10:35:17 ERROR Timeout on API
2024-01-15 10:36:50 INFO Connection established
2024-01-15 10:38:58 INFO Cache cleared
2024-01-15 10:39:24 ERROR Failed to write to disk
2024-01-15 10:41:02 INFO Service restarted
2024-01-15 10:43:38 INFO Service restarted
2024-01-15 10:44:04 INFO User logged in
2024-01-15 10:44:37 INFO User logged in
2024-01-15 10:48:13 ERROR NullPointerException
2024-01-15 10:48:17 INFO Request processed
2024-01-15 10:48:43 ERROR Permission denied
2024-01-15 10:49:41 INFO User logged in
2024-01-15 10:54:42 INFO Connection established
2024-01-15 10:54:44 INFO User logged in
2024-01-15 10:55:38 WARNING Memory usage high
2024-01-15 10:56:35 INFO Request processed
2024-01-15 10:58:33 INFO Backup started
2024-01-15 10:58:33 WARNING Memory usage high
2024-01-15 11:03:07 WARNING Memory usage high
2024-01-15 11:03:16 INFO Connection established
2024-01-15 11:06:04 ERROR Permission denied
2024-01-15 11:08:45 INFO Request processed
2024-01-15 11:10:15 INFO Cache cleared
2024-01-15 11:10:17 INFO Connection established
2024-01-15 11:12:38 INFO Service restarted
2024-01-15 11:12:52 WARNING Disk usage high
2024-01-15 11:15:13 INFO Connection established
2024-01-15 11:18:53 INFO Backup started
2024-01-15 11:20:13 INFO Connection established
2024-01-15 11:21:11 INFO Service restarted
2024-01-15 11:22:26 WARNING Retry attempt failed
2024-01-15 11:23:24 INFO Service restarted
2024-01-15 11:25:47 INFO Backup started
2024-01-15 11:25:53 INFO Backup started
2024-01-15 11:26:27 INFO Request processed
2024-01-15 11:27:50 WARNING Memory usage high
2024-01-15 11:27:53 INFO Service restarted
2024-01-15 11:28:25 INFO Request processed
2024-01-15 11:29:54 INFO Service restarted
2024-01-15 11:30:18 INFO Backup started
2024-01-15 11:31:01 INFO Service restarted
2024-01-15 11:31:42 WARNING Memory usage high
2024-01-15 11:32:35 INFO User logged in
2024-01-15 11:33:04 WARNING Memory usage high
2024-01-15 11:36:34 INFO Backup started
2024-01-15 11:37:38 INFO Cache cleared
2024-01-15 11:37:57 INFO Connection established
2024-01-15 11:42:40 INFO Backup started
2024-01-15 11:43:49 WARNING Memory usage high
2024-01-15 11:43:55 ERROR Timeout on API
2024-01-15 11:44:44 WARNING Retry attempt failed
2024-01-15 11:46:54 INFO Service restarted
2024-01-15 11:47:00 INFO User logged in
2024-01-15 11:48:27 INFO Request processed
2024-01-15 11:50:47 ERROR Timeout on API
2024-01-15 11:51:49 ERROR Service crashed
2024-01-15 11:52:49 INFO Connection established
2024-01-15 11:53:21 INFO Request processed
2024-01-15 11:53:33 INFO Service restarted
2024-01-15 11:55:32 WARNING Retry attempt failed
2024-01-15 11:55:57 INFO Backup started
2024-01-15 11:56:46 INFO Connection established
2024-01-15 11:59:10 INFO Cache cleared
2024-01-15 12:01:31 ERROR Permission denied
2024-01-15 12:02:45 WARNING CPU temperature high
2024-01-15 12:09:27 INFO Request processed
2024-01-15 12:10:14 INFO Request processed
2024-01-15 12:11:45 INFO User logged in
2024-01-15 12:11:51 INFO Backup started
2024-01-15 12:14:32 INFO Request processed
2024-01-15 12:15:07 INFO User logged in
2024-01-15 12:15:11 INFO Connection established
2024-01-15 12:16:12 WARNING Slow response time
2024-01-15 12:16:55 INFO User logged in
2024-01-15 12:21:21 WARNING Slow response time
2024-01-15 12:21:22 WARNING Disk usage high
2024-01-15 12:21:27 INFO Cache cleared
2024-01-15 12:26:59 WARNING CPU temperature high
2024-01-15 12:34:16 INFO Service restarted
2024-01-15 12:35:38 ERROR Timeout on API
2024-01-15 12:35:52 ERROR NullPointerException
2024-01-15 12:36:51 INFO Cache cleared
2024-01-15 12:37:19 INFO Service restarted
2024-01-15 12:37:29 INFO Backup started
2024-01-15 12:37:38 INFO Backup started
2024-01-15 12:41:24 ERROR Timeout on API
2024-01-15 12:45:24 INFO Connection established
2024-01-15 12:45:55 WARNING Slow response time
2024-01-15 12:46:08 INFO Backup started
2024-01-15 12:46:55 INFO Backup started
2024-01-15 12:47:17 INFO Request processed
2024-01-15 12:47:41 INFO Backup started
2024-01-15 12:48:13 INFO Backup started
2024-01-15 12:48:20 INFO Service restarted
2024-01-15 12:50:07 INFO Connection established
2024-01-15 12:51:40 ERROR NullPointerException
2024-01-15 12:51:49 ERROR Timeout on API
2024-01-15 12:53:45 INFO Connection established
2024-01-15 12:54:12 INFO Cache cleared
2024-01-15 12:54:28 ERROR Failed to write to disk
2024-01-15 13:00:02 WARNING CPU temperature high
2024-01-15 13:00:49 INFO Cache cleared
2024-01-15 13:01:22 ERROR Database connection lost
2024-01-15 13:05:52 ERROR NullPointerException
2024-01-15 13:08:28 INFO Backup started
2024-01-15 13:11:11 INFO Service restarted
2024-01-15 13:13:00 INFO Request processed
2024-01-15 13:13:28 ERROR NullPointerException
2024-01-15 13:15:15 WARNING Slow response time
2024-01-15 13:17:19 INFO Request processed
2024-01-15 13:17:43 WARNING Slow response time
2024-01-15 13:18:19 ERROR Timeout on API
2024-01-15 13:19:20 WARNING Slow response time
2024-01-15 13:19:32 INFO Service restarted
2024-01-15 13:20:08 ERROR NullPointerException
2024-01-15 13:20:12 WARNING Retry attempt failed
2024-01-15 13:20:53 ERROR Service crashed
2024-01-15 13:23:26 INFO Backup started
2024-01-15 13:24:12 INFO Cache cleared
2024-01-15 13:28:54 INFO Request processed
2024-01-15 13:28:57 WARNING Slow response time
2024-01-15 13:32:15 WARNING CPU temperature high
2024-01-15 13:33:34 INFO Connection established
2024-01-15 13:33:37 INFO Backup started
2024-01-15 13:34:23 WARNING Retry attempt failed
2024-01-15 13:34:39 INFO User logged in
2024-01-15 13:36:42 INFO Cache cleared
2024-01-15 13:38:37 INFO User logged in
2024-01-15 13:40:48 INFO Request processed
2024-01-15 13:47:26 INFO Cache cleared
2024-01-15 13:51:09 INFO Backup started
2024-01-15 13:54:59 INFO Request processed
2024-01-15 13:55:25 ERROR Database connection lost
2024-01-15 14:00:25 INFO Request processed
2024-01-15 14:00:35 ERROR Service crashed
2024-01-15 14:00:52 INFO Backup started
2024-01-15 14:01:54 INFO Backup started
2024-01-15 14:02:15 INFO Connection established
2024-01-15 14:09:33 INFO Request processed
2024-01-15 14:09:50 INFO User logged in
2024-01-15 14:14:06 WARNING Slow response time
2024-01-15 14:14:44 INFO User logged in
2024-01-15 14:14:58 INFO User logged in
2024-01-15 14:17:09 INFO Backup started
2024-01-15 14:21:14 INFO User logged in
2024-01-15 14:21:22 ERROR Database connection lost
2024-01-15 14:24:17 INFO Connection established
2024-01-15 14:24:25 INFO Backup started
2024-01-15 14:26:49 WARNING Slow response time
2024-01-15 14:28:45 INFO Request processed
2024-01-15 14:34:54 INFO Request processed
2024-01-15 14:40:51 WARNING Memory usage high
2024-01-15 14:42:21 WARNING Slow response time
2024-01-15 14:42:45 INFO Service restarted
2024-01-15 14:44:31 INFO Cache cleared
2024-01-15 14:44:55 INFO Request processed
2024-01-15 14:46:51 WARNING CPU temperature high
2024-01-15 14:46:59 INFO Backup started
2024-01-15 14:47:23 INFO Cache cleared
2024-01-15 14:50:31 INFO Connection established
2024-01-15 14:51:21 INFO Cache cleared
2024-01-15 14:51:36 WARNING CPU temperature high
2024-01-15 14:52:18 INFO User logged in
2024-01-15 14:52:25 INFO Cache cleared
2024-01-15 14:52:44 WARNING Slow response time
2024-01-15 14:54:19 WARNING Retry attempt failed
2024-01-15 14:55:06 INFO Backup started
2024-01-15 14:56:34 WARNING Retry attempt failed
2024-01-15 14:56:51 WARNING CPU temperature high
2024-01-15 14:59:27 INFO Cache cleared
2024-01-15 15:01:25 INFO Request processed
2024-01-15 15:03:29 WARNING Memory usage high
2024-01-15 15:05:40 WARNING CPU temperature high
2024-01-15 15:06:07 INFO Request processed
2024-01-15 15:06:09 ERROR Failed to write to disk
2024-01-15 15:06:42 WARNING Slow response time
2024-01-15 15:08:06 INFO Cache cleared
2024-01-15 15:08:58 INFO Service restarted
2024-01-15 15:12:43 INFO Service restarted
2024-01-15 15:13:50 INFO Backup started
2024-01-15 15:16:06 WARNING Memory usage high
2024-01-15 15:17:56 WARNING Retry attempt failed
2024-01-15 15:18:42 INFO Request processed
2024-01-15 15:22:37 INFO User logged in
2024-01-15 15:24:54 INFO User logged in
2024-01-15 15:27:24 WARNING Memory usage high
2024-01-15 15:32:43 INFO Service restarted
2024-01-15 15:33:59 WARNING Disk usage high
2024-01-15 15:34:06 INFO Cache cleared
2024-01-15 15:35:19 INFO Cache cleared
2024-01-15 15:38:57 INFO Connection established
2024-01-15 15:41:11 WARNING Retry attempt failed
2024-01-15 15:48:13 INFO Cache cleared
2024-01-15 15:48:18 ERROR Permission denied
2024-01-15 15:48:32 WARNING Disk usage high
2024-01-15 15:48:49 WARNING Disk usage high
2024-01-15 15:49:24 ERROR Service crashed
2024-01-15 15:49:55 INFO Connection established
2024-01-15 15:50:17 INFO Connection established
2024-01-15 15:50:45 INFO User logged in
2024-01-15 15:50:49 INFO Service restarted
2024-01-15 15:52:25 WARNING Slow response time
2024-01-15 15:53:53 INFO User logged in
2024-01-15 15:55:15 WARNING Disk usage high
2024-01-15 15:55:31 WARNING CPU temperature high
2024-01-15 15:56:14 INFO User logged in
2024-01-15 15:56:26 WARNING Disk usage high
2024-01-15 15:57:00 ERROR Failed to write to disk
2024-01-15 15:57:55 INFO Request processed
2024-01-15 15:58:00 INFO Request processed
2024-01-15 15:58:22 INFO Request processed
2024-01-15 15:58:57 WARNING CPU temperature high
2024-01-15 15:59:05 WARNING CPU temperature high
2024-01-15 16:01:33 ERROR NullPointerException
2024-01-15 16:03:22 WARNING Disk usage high
2024-01-15 16:05:05 INFO Cache cleared
2024-01-15 16:05:38 INFO Request processed
2024-01-15 16:07:01 INFO Cache cleared
2024-01-15 16:07:06 WARNING Slow response time
2024-01-15 16:07:23 INFO User logged in
2024-01-15 16:07:25 INFO Request processed
2024-01-15 16:10:30 INFO Cache cleared
2024-01-15 16:10:51 INFO Request processed
2024-01-15 16:11:54 INFO Backup started
2024-01-15 16:13:12 INFO User logged in
2024-01-15 16:14:23 INFO Cache cleared
2024-01-15 16:14:48 INFO Request processed
2024-01-15 16:15:50 WARNING Slow response time
2024-01-15 16:19:02 INFO Backup started
2024-01-15 16:19:29 INFO Service restarted
2024-01-15 16:21:42 INFO Service restarted
2024-01-15 16:22:30 INFO Backup started
2024-01-15 16:22:53 INFO User logged in
2024-01-15 16:25:57 INFO Service restarted
2024-01-15 16:27:51 WARNING Disk usage high
2024-01-15 16:30:41 INFO Connection established
2024-01-15 16:30:41 WARNING CPU temperature high
2024-01-15 16:30:48 ERROR Permission denied
2024-01-15 16:33:37 INFO Connection established
2024-01-15 16:38:59 INFO Request processed
2024-01-15 16:40:11 ERROR Permission denied
2024-01-15 16:41:35 INFO Connection established
2024-01-15 16:41:40 INFO User logged in
2024-01-15 16:42:56 ERROR Database connection lost
2024-01-15 16:43:09 WARNING Disk usage high
2024-01-15 16:44:32 INFO Connection established
2024-01-15 16:47:56 INFO Request processed
2024-01-15 16:48:55 INFO Connection established
2024-01-15 16:50:38 INFO User logged in
2024-01-15 16:55:04 INFO Request processed
2024-01-15 16:55:28 WARNING Memory usage high
2024-01-15 16:55:43 ERROR Permission denied
2024-01-15 16:56:25 INFO Request processed
2024-01-15 16:56:28 INFO Cache cleared
2024-01-15 16:57:25 INFO User logged in
2024-01-15 16:57:27 WARNING Retry attempt failed
2024-01-15 16:57:40 ERROR Failed to write to disk
2024-01-15 16:58:03 INFO Backup started
2024-01-15 16:58:19 ERROR NullPointerException
2024-01-15 16:59:04 WARNING Disk usage high
2024-01-15 17:02:34 WARNING Retry attempt failed
2024-01-15 17:04:12 INFO User logged in
2024-01-15 17:05:03 ERROR Failed to write to disk
2024-01-15 17:05:18 ERROR NullPointerException
2024-01-15 17:05:41 WARNING Memory usage high
2024-01-15 17:13:33 INFO Service restarted
2024-01-15 17:17:27 INFO Connection established
2024-01-15 17:17:33 WARNING Memory usage high
2024-01-15 17:18:21 ERROR Timeout on API
2024-01-15 17:19:00 WARNING Slow response time
2024-01-15 17:19:03 INFO Backup started
2024-01-15 17:20:05 WARNING Disk usage high
2024-01-15 17:20:13 WARNING CPU temperature high
2024-01-15 17:20:35 ERROR Failed to write to disk
2024-01-15 17:21:38 INFO Request processed
2024-01-15 17:23:26 INFO User logged in
2024-01-15 17:24:09 INFO Request processed
2024-01-15 17:25:56 INFO User logged in
2024-01-15 17:27:09 WARNING Slow response time
2024-01-15 17:29:29 INFO Service restarted
2024-01-15 17:30:35 ERROR Service crashed
2024-01-15 17:32:19 INFO Service restarted
2024-01-15 17:32:31 INFO User logged in
2024-01-15 17:33:12 INFO User logged in
2024-01-15 17:33:41 INFO Service restarted
2024-01-15 17:34:53 INFO Backup started
2024-01-15 17:36:04 INFO Service restarted
2024-01-15 17:36:20 WARNING Retry attempt failed
2024-01-15 17:36:39 ERROR Permission denied
2024-01-15 17:37:16 INFO Cache cleared
2024-01-15 17:39:27 WARNING Disk usage high
2024-01-15 17:40:32 INFO Connection established
2024-01-15 17:40:48 INFO User logged in
2024-01-15 17:43:04 INFO User logged in
2024-01-15 17:43:40 INFO Connection established
2024-01-15 17:43:53 ERROR Database connection lost
2024-01-15 17:43:59 WARNING Disk usage high
2024-01-15 17:44:43 INFO Service restarted
2024-01-15 17:46:57 WARNING Slow response time
2024-01-15 17:47:35 INFO Request processed
2024-01-15 17:48:04 INFO Cache cleared
2024-01-15 17:48:26 INFO Service restarted
2024-01-15 17:48:44 INFO Connection established
2024-01-15 17:49:19 INFO Connection established
2024-01-15 17:50:21 WARNING Memory usage high
2024-01-15 17:51:47 INFO Connection established
2024-01-15 17:52:56 WARNING CPU temperature high
2024-01-15 17:53:41 ERROR Failed to write to disk
2024-01-15 17:57:12 INFO Service restarted
2024-01-15 17:57:31 INFO Connection established
2024-01-15 17:58:19 INFO Connection established
2024-01-15 17:58:23 INFO Backup started
2024-01-15 17:58:34 INFO Request processed
2024-01-15 18:04:58 WARNING CPU temperature high
2024-01-15 18:07:22 INFO Service restarted
2024-01-15 18:07:53 INFO Cache cleared
2024-01-15 18:08:21 INFO User logged in
2024-01-15 18:08:44 INFO Backup started
2024-01-15 18:13:40 INFO Backup started
2024-01-15 18:17:37 INFO Cache cleared
2024-01-15 18:17:53 ERROR Database connection lost
2024-01-15 18:19:33 WARNING Retry attempt failed
2024-01-15 18:21:01 INFO Connection established
2024-01-15 18:22:31 INFO Service restarted
2024-01-15 18:27:44 WARNING CPU temperature high
2024-01-15 18:32:08 WARNING Retry attempt failed
2024-01-15 18:33:02 INFO Cache cleared
2024-01-15 18:36:12 INFO Cache cleared
2024-01-15 18:36:26 INFO Request processed
2024-01-15 18:36:49 INFO Backup started
2024-01-15 18:37:09 ERROR Database connection lost
2024-01-15 18:42:34 INFO Request processed
2024-01-15 18:47:32 INFO Connection established
2024-01-15 18:47:56 INFO Request processed
2024-01-15 18:48:44 INFO Request processed
2024-01-15 18:51:12 WARNING CPU temperature high
2024-01-15 18:51:57 INFO Backup started
2024-01-15 18:53:20 INFO Request processed
2024-01-15 18:53:30 INFO Connection established
2024-01-15 18:54:45 INFO Backup started
2024-01-15 18:55:54 INFO Backup started
2024-01-15 18:59:29 INFO Connection established
2024-01-15 19:01:02 INFO User logged in
2024-01-15 19:04:06 INFO Service restarted
2024-01-15 19:05:35 ERROR Timeout on API
2024-01-15 19:05:43 INFO User logged in
2024-01-15 19:06:38 INFO Connection established
2024-01-15 19:06:58 INFO Cache cleared
2024-01-15 19:09:11 INFO Request processed
2024-01-15 19:09:11 WARNING Slow response time
2024-01-15 19:10:09 INFO Service restarted
2024-01-15 19:11:48 ERROR Database connection lost
2024-01-15 19:12:07 INFO Backup started
2024-01-15 19:15:47 INFO Connection established
2024-01-15 19:16:25 INFO Cache cleared
2024-01-15 19:19:43 INFO Backup started
2024-01-15 19:20:20 WARNING Disk usage high
2024-01-15 19:23:35 INFO User logged in
2024-01-15 19:26:35 ERROR Service crashed
2024-01-15 19:29:16 INFO Request processed
2024-01-15 19:29:52 WARNING Memory usage high
2024-01-15 19:32:56 WARNING Retry attempt failed
2024-01-15 19:33:30 INFO User logged in
2024-01-15 19:36:54 ERROR Database connection lost
2024-01-15 19:38:11 ERROR Failed to write to disk
2024-01-15 19:39:40 WARNING Slow response time
2024-01-15 19:39:56 ERROR Timeout on API
2024-01-15 19:40:38 INFO Backup started
2024-01-15 19:41:36 INFO Connection established
2024-01-15 19:42:02 ERROR Timeout on API
2024-01-15 19:45:51 INFO Backup started
2024-01-15 19:46:44 ERROR Failed to write to disk
2024-01-15 19:47:24 INFO Connection established
2024-01-15 19:49:09 INFO Connection established
2024-01-15 19:53:11 WARNING Retry attempt failed
2024-01-15 19:53:20 INFO Connection established
2024-01-15 20:00:13 INFO Request processed
2024-01-15 20:00:18 INFO Service restarted
2024-01-15 20:03:14 WARNING Retry attempt failed
2024-01-15 20:03:45 ERROR Timeout on API
2024-01-15 20:04:49 INFO Cache cleared
2024-01-15 20:05:19 WARNING Memory usage high
2024-01-15 20:05:20 ERROR Service crashed
2024-01-15 20:08:28 INFO Backup started
2024-01-15 20:08:41 INFO Request processed
2024-01-15 20:10:55 INFO User logged in
2024-01-15 20:10:56 INFO Cache cleared
2024-01-15 20:12:57 WARNING Memory usage high
2024-01-15 20:16:57 ERROR NullPointerException
2024-01-15 20:17:32 WARNING Memory usage high
2024-01-15 20:18:51 INFO Service restarted
2024-01-15 20:19:44 ERROR Database connection lost
2024-01-15 20:19:53 INFO Service restarted
2024-01-15 20:20:23 INFO Request processed
2024-01-15 20:20:56 INFO User logged in
2024-01-15 20:21:24 WARNING Memory usage high
2024-01-15 20:23:05 INFO Backup started
2024-01-15 20:23:06 INFO User logged in
2024-01-15 20:23:20 INFO Service restarted
2024-01-15 20:24:27 INFO User logged in
2024-01-15 20:24:52 WARNING Slow response time
2024-01-15 20:25:06 INFO Cache cleared
2024-01-15 20:26:53 INFO Service restarted
2024-01-15 20:26:57 INFO Service restarted
2024-01-15 20:29:10 INFO Service restarted
2024-01-15 20:29:55 INFO Backup started
2024-01-15 20:30:14 INFO Cache cleared
2024-01-15 20:31:07 WARNING Memory usage high
2024-01-15 20:31:33 INFO User logged in
2024-01-15 20:32:00 WARNING Slow response time
2024-01-15 20:33:31 WARNING Retry attempt failed
2024-01-15 20:34:25 INFO Cache cleared
2024-01-15 20:37:41 WARNING CPU temperature high
2024-01-15 20:37:46 WARNING Memory usage high
2024-01-15 20:38:26 INFO Cache cleared
2024-01-15 20:39:08 INFO Request processed
2024-01-15 20:39:13 ERROR NullPointerException
2024-01-15 20:40:42 INFO Request processed
2024-01-15 20:45:52 WARNING Disk usage high
2024-01-15 20:45:55 ERROR Failed to write to disk
2024-01-15 20:48:40 INFO Service restarted
2024-01-15 20:52:07 INFO User logged in
2024-01-15 20:52:52 WARNING Slow response time
2024-01-15 20:54:15 ERROR Service crashed
2024-01-15 20:56:26 INFO Service restarted
2024-01-15 20:57:04 INFO Cache cleared
2024-01-15 20:57:27 INFO Service restarted
2024-01-15 20:57:33 INFO User logged in
2024-01-15 20:57:56 ERROR Database connection lost
2024-01-15 20:58:10 WARNING Slow response time
2024-01-15 20:59:18 WARNING Retry attempt failed
2024-01-15 20:59:30 INFO Service restarted
2024-01-15 21:01:44 INFO Service restarted
2024-01-15 21:02:25 INFO Cache cleared
2024-01-15 21:02:39 WARNING Slow response time
2024-01-15 21:06:31 WARNING Retry attempt failed
2024-01-15 21:07:59 INFO Request processed
2024-01-15 21:09:06 INFO Connection established
2024-01-15 21:09:09 INFO Connection established
2024-01-15 21:09:33 INFO Request processed
2024-01-15 21:11:24 INFO Cache cleared
2024-01-15 21:11:28 ERROR Timeout on API
2024-01-15 21:12:24 INFO Service restarted
2024-01-15 21:13:53 INFO Connection established
2024-01-15 21:17:46 INFO User logged in
2024-01-15 21:19:37 INFO Request processed
2024-01-15 21:20:42 INFO Connection established
2024-01-15 21:23:54 WARNING Disk usage high
2024-01-15 21:25:24 WARNING Disk usage high
2024-01-15 21:27:17 ERROR Permission denied
2024-01-15 21:27:43 ERROR NullPointerException
2024-01-15 21:30:35 INFO Connection established
2024-01-15 21:32:17 INFO Cache cleared
2024-01-15 21:32:18 INFO User logged in
2024-01-15 21:36:49 WARNING Disk usage high
2024-01-15 21:36:59 INFO Service restarted
2024-01-15 21:38:27 INFO Cache cleared
2024-01-15 21:39:09 INFO Service restarted
2024-01-15 21:39:46 ERROR NullPointerException
2024-01-15 21:40:25 WARNING Disk usage high
2024-01-15 21:40:36 INFO Connection established
2024-01-15 21:41:59 ERROR Failed to write to disk
2024-01-15 21:45:06 WARNING Retry attempt failed
2024-01-15 21:46:09 INFO Cache cleared
2024-01-15 21:52:02 WARNING CPU temperature high
2024-01-15 21:53:12 ERROR Database connection lost
2024-01-15 21:54:26 WARNING Disk usage high
2024-01-15 21:55:05 INFO Connection established
2024-01-15 21:56:24 INFO Request processed
2024-01-15 21:57:44 INFO User logged in
2024-01-15 21:58:44 INFO Request processed
2024-01-15 21:59:04 WARNING Disk usage high
2024-01-15 22:00:55 INFO Connection established
2024-01-15 22:04:03 INFO Cache cleared
2024-01-15 22:04:04 INFO Connection established
2024-01-15 22:08:57 WARNING Disk usage high
2024-01-15 22:09:22 ERROR Service crashed
2024-01-15 22:11:44 WARNING Slow response time
2024-01-15 22:15:55 INFO Request processed
2024-01-15 22:19:22 INFO Service restarted
2024-01-15 22:19:24 INFO Connection established
2024-01-15 22:19:46 INFO Service restarted
2024-01-15 22:20:18 WARNING Memory usage high
2024-01-15 22:21:55 INFO User logged in
2024-01-15 22:21:58 ERROR Failed to write to disk
2024-01-15 22:23:32 WARNING Slow response time
2024-01-15 22:23:38 INFO Service restarted
2024-01-15 22:25:56 INFO Request processed
2024-01-15 22:27:46 INFO Cache cleared
2024-01-15 22:30:23 ERROR Database connection lost
2024-01-15 22:31:54 INFO Request processed
2024-01-15 22:33:56 INFO Connection established
2024-01-15 22:36:08 INFO Backup started
2024-01-15 22:38:16 INFO Connection established
2024-01-15 22:38:19 INFO Cache cleared
2024-01-15 22:40:01 INFO Backup started
2024-01-15 22:40:19 ERROR Permission denied
2024-01-15 22:43:29 INFO Service restarted
2024-01-15 22:44:52 ERROR Failed to write to disk
2024-01-15 22:48:42 INFO Backup started
2024-01-15 22:49:59 INFO Backup started
2024-01-15 22:50:40 INFO Cache cleared
2024-01-15 22:51:17 WARNING Slow response time
2024-01-15 22:53:49 ERROR Timeout on API
2024-01-15 22:59:07 INFO Request processed
2024-01-15 23:00:03 INFO Request processed
2024-01-15 23:01:14 WARNING Memory usage high
2024-01-15 23:01:22 WARNING Memory usage high
2024-01-15 23:02:29 INFO Connection established
2024-01-15 23:02:40 INFO Cache cleared
2024-01-15 23:05:56 INFO Connection established
2024-01-15 23:07:32 WARNING Slow response time
2024-01-15 23:09:09 ERROR Failed to write to disk
2024-01-15 23:12:51 INFO Request processed
2024-01-15 23:16:37 INFO Request processed
2024-01-15 23:16:38 INFO Request processed
2024-01-15 23:18:25 INFO Backup started
2024-01-15 23:20:25 INFO Cache cleared
2024-01-15 23:20:27 INFO Connection established
2024-01-15 23:20:34 INFO Service restarted
2024-01-15 23:20:44 INFO Connection established
2024-01-15 23:21:44 ERROR Timeout on API
2024-01-15 23:23:15 INFO Service restarted
2024-01-15 23:24:28 INFO Backup started
2024-01-15 23:24:55 WARNING Slow response time
2024-01-15 23:25:32 WARNING CPU temperature high
2024-01-15 23:25:49 INFO User logged in
2024-01-15 23:26:54 INFO Connection established
2024-01-15 23:27:51 INFO Backup started
2024-01-15 23:29:18 INFO User logged in
2024-01-15 23:30:02 ERROR Database connection lost
2024-01-15 23:31:32 WARNING Disk usage high
2024-01-15 23:32:03 ERROR Failed to write to disk
2024-01-15 23:34:19 INFO Connection established
2024-01-15 23:34:51 INFO Cache cleared
2024-01-15 23:38:46 INFO Backup started
2024-01-15 23:41:38 INFO Cache cleared
2024-01-15 23:44:16 ERROR Database connection lost
2024-01-15 23:46:32 INFO Connection established
2024-01-15 23:46:45 INFO Service restarted
2024-01-15 23:47:30 ERROR NullPointerException
2024-01-15 23:47:41 INFO Backup started
2024-01-15 23:51:29 ERROR Permission denied
2024-01-15 23:51:52 INFO User logged in
2024-01-15 23:52:12 INFO Cache cleared
2024-01-15 23:52:23 ERROR Permission denied
2024-01-15 23:52:33 WARNING CPU temperature high
2024-01-15 23:56:19 INFO Cache cleared
2024-01-15 23:57:50 INFO Connection established
2024-01-15 23:58:03 INFO Request processed