2024-01-15 08:00:01 INFO Application started successfully
2024-01-15 08:01:12 INFO User admin logged in
2024-01-15 08:02:45 WARNING Disk usage at 80%
2024-01-15 08:03:10 ERROR Failed to connect to database
2024-01-15 08:04:22 INFO Request processed in 120ms
2024-01-15 08:05:00 ERROR Timeout on connection to API
2024-01-15 08:06:15 INFO Cache cleared successfully
2024-01-15 08:07:30 WARNING Memory usage high: 90%
2024-01-15 08:08:44 ERROR NullPointerException in module auth
2024-01-15 08:09:55 INFO User admin logged out
2024-01-15 08:10:01 INFO Scheduled backup started
2024-01-15 08:11:30 WARNING Retry attempt 1 for connection
2024-01-15 08:12:00 ERROR Failed to write to disk: permission denied
2024-01-15 08:13:15 INFO Backup completed successfully
2024-01-15 08:14:22 ERROR Database connection lost
2024-01-15 08:15:00 INFO Reconnecting to database...
2024-01-15 08:16:10 INFO Connection restored
2024-01-15 08:17:45 WARNING CPU temperature high: 85C
2024-01-15 08:18:00 ERROR Service auth crashed unexpectedly
2024-01-15 08:19:30 INFO Service auth restarted
